// Jest Snapshot v1, https://goo.gl/fbAQLP

exports[`<TableWrapper /> should match snapshot 1`] = `
.c0 {
  width: 100%;
  height: 100%;
  font-family: -apple-system,BlinkMacSystemFont,"Segoe UI","Roboto","Oxygen","Ubuntu","Cantarell","Fira Sans","Droid Sans","Helvetica Neue",sans-serif;
  font-size: 11px;
  white-space: nowrap;
  table-layout: fixed;
  border-collapse: separate;
  border-spacing: 0;
}

<table
  className="c0"
/>
`;
