// Jest Snapshot v1, https://goo.gl/fbAQLP

exports[`<TableCell /> should match snapshot 1`] = `
<StyledComponent
  forwardedComponent={
    Object {
      "$$typeof": Symbol(react.forward_ref),
      "attrs": Array [],
      "componentStyle": ComponentStyle {
        "componentId": "TableCell-sc-18bm94u-0",
        "isStatic": false,
        "rules": Array [
          "padding:",
          [Function],
          "px",
          " ",
          [Function],
          "px",
          " ",
          [Function],
          "px",
          " 0;overflow:hidden;text-overflow:ellipsis;white-space:nowrap;:first-of-type{padding-left:",
          [Function],
          "px",
          ";}&:not(:first-child){text-align:right;}",
        ],
      },
      "displayName": "TableCell",
      "foldedComponentIds": Array [],
      "render": [Function],
      "styledComponentId": "TableCell-sc-18bm94u-0",
      "target": "td",
      "toString": [Function],
      "warnTooManyClasses": [Function],
      "withComponent": [Function],
    }
  }
  forwardedRef={null}
/>
`;
