// Jest Snapshot v1, https://goo.gl/fbAQLP

exports[`TableRow matches snapshot 1`] = `
<TableRowElement
  onClick={[Function]}
  onContextMenu={[Function]}
  onKeyDown={[Function]}
>
  <TableCell
    data-column="name"
    key="name|2"
  >
    Jane Green
  </TableCell>
  <TableCell
    data-column="address"
    key="address|2"
  >
    London No. 1 Lake Park
  </TableCell>
  <TableCell
    data-column="age"
    key="age|2"
  />
  <TableCell
    data-column="favfood"
    key="favfood|2"
  >
    Amatriciana
  </TableCell>
</TableRowElement>
`;
