// Jest Snapshot v1, https://goo.gl/fbAQLP

exports[`IconArrowUpSmall matches snapshot 1`] = `
<Icon
  backgroundColor="currentColor"
  backgroundOpacity={1}
  backgroundSizeRatio={1}
  borderColor="currentColor"
  borderOpacity={1}
  borderWidth={1}
  glyph=""
  glyphColor="currentColor"
  glyphName="ArrowUpSmall"
  glyphSizeRatio={1}
>
  <polygon
    fillRule="nonzero"
    id="ArrowUpSmall"
    points="9.99999999 7.99999998 14 11 9.99999999 14"
    transform="translate(12.000000, 11.000000) scale(-1, 1) rotate(-90.000000) translate(-12.000000, -11.000000) "
  />
</Icon>
`;
