// Jest Snapshot v1, https://goo.gl/fbAQLP

exports[`Play matches snapshot 1`] = `
<Icon
  ariaLabelledby="ariaLabelledby"
  backgroundColor="currentColor"
  backgroundOpacity={1}
  backgroundSizeRatio={1}
  borderColor="currentColor"
  borderOpacity={1}
  borderWidth={1}
  glyph=""
  glyphColor="currentColor"
  glyphName="Play"
  glyphSizeRatio={1}
>
  <polygon
    id="Triangle-6"
    points="19 12 7 20 7 4"
  />
</Icon>
`;
