// Jest Snapshot v1, https://goo.gl/fbAQLP

exports[`Select should render 1`] = `
.c0 {
  -webkit-flex-direction: column;
  -ms-flex-direction: column;
  flex-direction: column;
  font-family: -apple-system,BlinkMacSystemFont,"Segoe UI","Roboto","Oxygen","Ubuntu","Cantarell","Fira Sans","Droid Sans","Helvetica Neue",sans-serif;
  display: -webkit-box;
  display: -webkit-flex;
  display: -ms-flexbox;
  display: flex;
  position: relative;
}

.c0 > input,
.c0 > textarea,
.c0 > select {
  margin-top: 4px;
}

.c0:active {
  -webkit-user-select: none;
  -moz-user-select: none;
  -ms-user-select: none;
  user-select: none;
}

<label
  className="c0"
>
  <InputLabelText>
    label
  </InputLabelText>
  <SelectField />
</label>
`;
