// Jest Snapshot v1, https://goo.gl/fbAQLP

exports[`Components|NavCard matches snapshot 1`] = `
<NavCardWrapper>
  <NavCardTitle>
    <NavCardIcon>
      <IconMock />
    </NavCardIcon>
    <h1>
      NavCard
    </h1>
  </NavCardTitle>
  <NavCardDetails
    key="Uptime"
  >
    <NavCardKey>
      Uptime
    </NavCardKey>
    <NavCardVal>
      15 Days
    </NavCardVal>
  </NavCardDetails>
  <span>
    Hello World!
  </span>
</NavCardWrapper>
`;
