// Jest Snapshot v1, https://goo.gl/fbAQLP

exports[`ErrorContent matches snapshot 1`] = `
<StyledComponent
  forwardedComponent={
    Object {
      "$$typeof": Symbol(react.forward_ref),
      "attrs": Array [],
      "componentStyle": ComponentStyle {
        "componentId": "ErrorContent-a81sw1-0",
        "isStatic": false,
        "rules": Array [
          "align-items:center;color:",
          [Function],
          ";display:inline-flex;flex-basis:600px;flex-flow:row nowrap;font-size:",
          [Function],
          ";justify-content:center;margin:",
          [Function],
          "px",
          ";padding:",
          [Function],
          "px",
          " ",
          [Function],
          "px",
          ";padding-top:",
          [Function],
          "px",
          ";padding-bottom:",
          [Function],
          "px",
          ";",
        ],
      },
      "defaultProps": Object {
        "theme": Object {
          "BORDER_RADIUS_BASE": "3px",
          "COLOR_BACKGROUND_DEFAULT": "#ffffff",
          "COLOR_BACKGROUND_THREE": "#000000",
          "COLOR_BACKGROUND_TWO": "#F8F8F8",
          "COLOR_BRAND_PRIMARY": "#0aab2a",
          "COLOR_BRAND_SECONDARY": "#0aab2a",
          "COLOR_CONTENT_DEFAULT": "#000",
          "COLOR_INTENT_DANGER": "#D83D22",
          "COLOR_INTENT_HIGHLIGHT": "#0aab2a",
          "COLOR_INTENT_INFO": "#1E6DF6",
          "COLOR_INTENT_SUCCESS": "#0aab2a",
          "COLOR_INTENT_WARNING": "#F7CD45",
          "COLOR_KEYLINE_DEFAULT": "rgba(0,0,0,0.08)",
          "COLOR_KEYLINE_DEFAULT_SOLID": "#EBEBEB",
          "CORNER_RADIUS_INPUT": "8px",
          "CORNER_RADIUS_SHARP": "4px",
          "FONT_SIZE_HEADING_DEFAULT": "36px",
          "FONT_SIZE_PAGE_TITLE": "40px",
          "FONT_SIZE_TEXT_DEFAULT": "14px",
          "FONT_SIZE_TEXT_LG": "16px",
          "FONT_SIZE_TEXT_SM": "11px",
          "FONT_SIZE_TEXT_XL": "18px",
          "FONT_SIZE_TEXT_XS": "9px",
          "FONT_STACK_BRAND": "\\"Avenir Next\\", \\"Metropolis\\", \\"Helvetica Neue\\", Arial, sans-serif",
          "FONT_STACK_CODE": "\\"SFMono-Regular\\", Consolas, \\"Liberation Mono\\", Menlo, Courier, monospace",
          "FONT_STACK_DEFAULT": "-apple-system, BlinkMacSystemFont, \\"Segoe UI\\", \\"Roboto\\", \\"Oxygen\\", \\"Ubuntu\\", \\"Cantarell\\", \\"Fira Sans\\", \\"Droid Sans\\", \\"Helvetica Neue\\", sans-serif",
          "FONT_WEIGHT_BOLD": 800,
          "FONT_WEIGHT_DEFAULT": 400,
          "FONT_WEIGHT_SEMIBOLD": 600,
          "ICON_VIEWBOX_SIZE": 24,
          "LINE_HEIGHT_DEFAULT": 1.4,
          "OPACITY_FULL": "1",
          "OPACITY_LIGHT": "0.7",
          "OPACITY_LIGHTER": "0.5",
          "OPACITY_LIGHTEST": "0.15",
          "RADIUS_2": "16px",
          "RADIUS_3": "24px",
          "RADIUS_4": "32px",
          "RADIUS_5": "40px",
          "RADIUS_6": "48px",
          "RADIUS_7": "56px",
          "RADIUS_8": "64px",
          "SPACING_BASE": 8,
          "ZINDEX_STICKY": "1010",
          "ZINDEX_TOOLTIP": "1070",
          "name": "Keen",
        },
      },
      "displayName": "ErrorContent",
      "foldedComponentIds": Array [],
      "render": [Function],
      "styledComponentId": "ErrorContent-a81sw1-0",
      "target": "div",
      "toString": [Function],
      "warnTooManyClasses": [Function],
      "withComponent": [Function],
    }
  }
  forwardedRef={null}
  theme={
    Object {
      "BORDER_RADIUS_BASE": "3px",
      "COLOR_BACKGROUND_DEFAULT": "#ffffff",
      "COLOR_BACKGROUND_THREE": "#000000",
      "COLOR_BACKGROUND_TWO": "#F8F8F8",
      "COLOR_BRAND_PRIMARY": "#0aab2a",
      "COLOR_BRAND_SECONDARY": "#0aab2a",
      "COLOR_CONTENT_DEFAULT": "#000",
      "COLOR_INTENT_DANGER": "#D83D22",
      "COLOR_INTENT_HIGHLIGHT": "#0aab2a",
      "COLOR_INTENT_INFO": "#1E6DF6",
      "COLOR_INTENT_SUCCESS": "#0aab2a",
      "COLOR_INTENT_WARNING": "#F7CD45",
      "COLOR_KEYLINE_DEFAULT": "rgba(0,0,0,0.08)",
      "COLOR_KEYLINE_DEFAULT_SOLID": "#EBEBEB",
      "CORNER_RADIUS_INPUT": "8px",
      "CORNER_RADIUS_SHARP": "4px",
      "FONT_SIZE_HEADING_DEFAULT": "36px",
      "FONT_SIZE_PAGE_TITLE": "40px",
      "FONT_SIZE_TEXT_DEFAULT": "14px",
      "FONT_SIZE_TEXT_LG": "16px",
      "FONT_SIZE_TEXT_SM": "11px",
      "FONT_SIZE_TEXT_XL": "18px",
      "FONT_SIZE_TEXT_XS": "9px",
      "FONT_STACK_BRAND": "\\"Avenir Next\\", \\"Metropolis\\", \\"Helvetica Neue\\", Arial, sans-serif",
      "FONT_STACK_CODE": "\\"SFMono-Regular\\", Consolas, \\"Liberation Mono\\", Menlo, Courier, monospace",
      "FONT_STACK_DEFAULT": "-apple-system, BlinkMacSystemFont, \\"Segoe UI\\", \\"Roboto\\", \\"Oxygen\\", \\"Ubuntu\\", \\"Cantarell\\", \\"Fira Sans\\", \\"Droid Sans\\", \\"Helvetica Neue\\", sans-serif",
      "FONT_WEIGHT_BOLD": 800,
      "FONT_WEIGHT_DEFAULT": 400,
      "FONT_WEIGHT_SEMIBOLD": 600,
      "ICON_VIEWBOX_SIZE": 24,
      "LINE_HEIGHT_DEFAULT": 1.4,
      "OPACITY_FULL": "1",
      "OPACITY_LIGHT": "0.7",
      "OPACITY_LIGHTER": "0.5",
      "OPACITY_LIGHTEST": "0.15",
      "RADIUS_2": "16px",
      "RADIUS_3": "24px",
      "RADIUS_4": "32px",
      "RADIUS_5": "40px",
      "RADIUS_6": "48px",
      "RADIUS_7": "56px",
      "RADIUS_8": "64px",
      "SPACING_BASE": 8,
      "ZINDEX_STICKY": "1010",
      "ZINDEX_TOOLTIP": "1070",
      "name": "Keen",
    }
  }
/>
`;
