// Jest Snapshot v1, https://goo.gl/fbAQLP

exports[`HeaderWrapper matches snapshot 1`] = `
.c0 {
  font-family: sans-serif;
  color: blue;
  background-color: red;
  background-image: linear-gradient( to right,red,rgba(255,0,0,0.3),rgba(255,0,0,0) ),url(mesh-web.jpg);
  display: -webkit-box;
  display: -webkit-flex;
  display: -ms-flexbox;
  display: flex;
  -webkit-flex: 0 0 auto;
  -ms-flex: 0 0 auto;
  flex: 0 0 auto;
  -webkit-flex-direction: column;
  -ms-flex-direction: column;
  flex-direction: column;
  -webkit-align-items: stretch;
  -webkit-box-align: stretch;
  -ms-flex-align: stretch;
  align-items: stretch;
  background-size: 100% 100%,120% auto;
  background-position: center center,left center;
  background-repeat: no-repeat;
  overflow: hidden;
}

<div
  className="c0"
/>
`;
