// Jest Snapshot v1, https://goo.gl/fbAQLP

exports[`NavCardDetails matches snapshot 1`] = `
.c0 {
  color: #000;
  margin: 0 calc(var(--SPACING_BASE) * 0.5 * 1px) calc(var(--SPACING_BASE) * 0.25 * 1px) calc(var(--SPACING_BASE) * 4.5 * 1px);
  font-size: 12px;
  line-height: 1.2;
}

.c0:last-child {
  margin-bottom: calc(var(--SPACING_BASE) * 1 * 1px);
}

<dl
  className="c0"
/>
`;
