// Jest Snapshot v1, https://goo.gl/fbAQLP

exports[`NavCardIcon matches snapshot 1`] = `
<StyledComponent
  forwardedComponent={
    Object {
      "$$typeof": Symbol(react.forward_ref),
      "attrs": Array [],
      "componentStyle": ComponentStyle {
        "componentId": "NavCardIcon-vgwdqc-0",
        "isStatic": true,
        "rules": Array [
          "display:flex;align-items:center;",
        ],
      },
      "displayName": "NavCardIcon",
      "foldedComponentIds": Array [],
      "render": [Function],
      "styledComponentId": "NavCardIcon-vgwdqc-0",
      "target": "span",
      "toString": [Function],
      "warnTooManyClasses": [Function],
      "withComponent": [Function],
    }
  }
  forwardedRef={null}
/>
`;
