// Jest Snapshot v1, https://goo.gl/fbAQLP

exports[`ButtonLabelPrefix matches snapshot 1`] = `
<StyledComponent
  forwardedComponent={
    Object {
      "$$typeof": Symbol(react.forward_ref),
      "attrs": Array [],
      "componentStyle": ComponentStyle {
        "componentId": "ButtonLabelPrefix-s9l491-0",
        "isStatic": false,
        "rules": Array [
          "opacity:",
          [Function],
          ";margin-right:",
          [Function],
          "px",
          ";",
        ],
      },
      "displayName": "ButtonLabelPrefix",
      "foldedComponentIds": Array [],
      "render": [Function],
      "styledComponentId": "ButtonLabelPrefix-s9l491-0",
      "target": "span",
      "toString": [Function],
      "warnTooManyClasses": [Function],
      "withComponent": [Function],
    }
  }
  forwardedRef={null}
/>
`;
