// Jest Snapshot v1, https://goo.gl/fbAQLP

exports[`Footer should render 1`] = `
.c0 {
  -webkit-user-select: none;
  -moz-user-select: none;
  -ms-user-select: none;
  user-select: none;
  overflow: hidden;
  padding: 0  calc(var(--SPACING_BASE) * 0.5 * 1px);
  font-family: Inter var,Inter,-apple-system,BlinkMacSystemFont,"Segoe UI","Roboto","Oxygen","Ubuntu","Cantarell","Fira Sans","Droid Sans","Helvetica Neue",sans-serif;
  display: -webkit-box;
  display: -webkit-flex;
  display: -ms-flexbox;
  display: flex;
  -webkit-flex-flow: row wrap;
  -ms-flex-flow: row wrap;
  flex-flow: row wrap;
  color: hsla(0,0%,0%,0.85);
  background: hsl(0,0%,100%);
  font-size: 14px;
  height: auto;
  min-height: calc(var(--SPACING_BASE) * 4 * 1px);
  -webkit-align-items: stretch;
  -webkit-box-align: stretch;
  -ms-flex-align: stretch;
  align-items: stretch;
  -webkit-box-pack: justify;
  -webkit-justify-content: space-between;
  -ms-flex-pack: justify;
  justify-content: space-between;
}

@media all and (min-width:800px) {
  .c0 {
    height: calc(var(--SPACING_BASE) * 5 * 1px);
    -webkit-flex-wrap: no-wrap;
    -ms-flex-wrap: no-wrap;
    flex-wrap: no-wrap;
    -webkit-align-items: center;
    -webkit-box-align: center;
    -ms-flex-align: center;
    align-items: center;
    justify-self: stretch;
  }

  .c0 + * {
    padding-bottom: calc(var(--SPACING_BASE) * 4 * 1px);
  }
}

<footer
  className="c0"
/>
`;
