// Jest Snapshot v1, https://goo.gl/fbAQLP

exports[`Link should match snapshot 1`] = `
<StyledComponent
  forwardedComponent={
    Object {
      "$$typeof": Symbol(react.forward_ref),
      "attrs": Array [],
      "componentStyle": ComponentStyle {
        "componentId": "Links-vm1fnq-0",
        "isStatic": false,
        "rules": Array [
          "flex:1 0 auto;text-align:right;padding:0 0 ",
          [Function],
          "px",
          " ",
          [Function],
          "px",
          ";@media all and (min-width:800px){flex:0 0 auto;}",
        ],
      },
      "displayName": "Links",
      "foldedComponentIds": Array [],
      "render": [Function],
      "styledComponentId": "Links-vm1fnq-0",
      "target": "div",
      "toString": [Function],
      "warnTooManyClasses": [Function],
      "withComponent": [Function],
    }
  }
  forwardedRef={null}
/>
`;
