// Jest Snapshot v1, https://goo.gl/fbAQLP

exports[`Link should match snapshot 1`] = `
.c0 {
  -webkit-flex: 1 0 auto;
  -ms-flex: 1 0 auto;
  flex: 1 0 auto;
  text-align: right;
  padding: 0 0  calc(var(--SPACING_BASE) * 0.5 * 1px)  calc(var(--SPACING_BASE) * 1 * 1px);
}

@media all and (min-width:800px) {
  .c0 {
    -webkit-flex: 0 0 auto;
    -ms-flex: 0 0 auto;
    flex: 0 0 auto;
  }
}

<div
  className="c0"
/>
`;
