// Jest Snapshot v1, https://goo.gl/fbAQLP

exports[`LongLogo should render 1`] = `
.c0 {
  padding: 0 8px;
  color: hsla(0,0%,0%,0.6);
  -webkit-flex: 0 1 auto;
  -ms-flex: 0 1 auto;
  flex: 0 1 auto;
  -webkit-transition: all 0.2s ease;
  transition: all 0.2s ease;
}

.c0:hover {
  color: hsla(0,0%,0%,1);
}

.c0 svg {
  max-width: 142px;
  height: auto;
  width: 100%;
}

<a
  className="c0"
/>
`;
