// Jest Snapshot v1, https://goo.gl/fbAQLP

exports[`ReadoutItemGraph matches snapshot 1`] = `
<StyledComponent
  forwardedComponent={
    Object {
      "$$typeof": Symbol(react.forward_ref),
      "attrs": Array [],
      "componentStyle": ComponentStyle {
        "componentId": "ReadoutItemGraph-sc-1wv3dsg-0",
        "isStatic": false,
        "rules": Array [
          "align-items:stretch;display:flex;height:",
          [Function],
          "px",
          ";max-width:",
          [Function],
          "px",
          ";width:100%;& > svg{flex:1 1 auto;}",
        ],
      },
      "displayName": "ReadoutItemGraph",
      "foldedComponentIds": Array [],
      "render": [Function],
      "styledComponentId": "ReadoutItemGraph-sc-1wv3dsg-0",
      "target": "div",
      "toString": [Function],
      "warnTooManyClasses": [Function],
      "withComponent": [Function],
    }
  }
  forwardedRef={null}
/>
`;
