// Jest Snapshot v1, https://goo.gl/fbAQLP

exports[`ReadoutItemGraph matches snapshot 1`] = `
.c0 {
  -webkit-align-items: stretch;
  -webkit-box-align: stretch;
  -ms-flex-align: stretch;
  align-items: stretch;
  display: -webkit-box;
  display: -webkit-flex;
  display: -ms-flexbox;
  display: flex;
  height: 32px;
  max-width: 400px;
  width: 100%;
}

.c0 > svg {
  -webkit-flex: 1 1 auto;
  -ms-flex: 1 1 auto;
  flex: 1 1 auto;
}

<div
  className="c0"
/>
`;
