// Jest Snapshot v1, https://goo.gl/fbAQLP

exports[`ReadoutItemData matches snapshot 1`] = `
.c0 {
  -webkit-align-items: stretch;
  -webkit-box-align: stretch;
  -ms-flex-align: stretch;
  align-items: stretch;
  display: -webkit-box;
  display: -webkit-flex;
  display: -ms-flexbox;
  display: flex;
  -webkit-flex: 1 1 100%;
  -ms-flex: 1 1 100%;
  flex: 1 1 100%;
  -webkit-flex-direction: column;
  -ms-flex-direction: column;
  flex-direction: column;
  padding: 8px 0;
}

.c0:first-child {
  padding-left: 16px;
}

<div
  className="c0"
/>
`;
