// Jest Snapshot v1, https://goo.gl/fbAQLP

exports[`ReadoutItemData matches snapshot 1`] = `
<StyledComponent
  forwardedComponent={
    Object {
      "$$typeof": Symbol(react.forward_ref),
      "attrs": Array [],
      "componentStyle": ComponentStyle {
        "componentId": "ReadoutItemData-sc-8swpcn-0",
        "isStatic": false,
        "rules": Array [
          "align-items:stretch;display:flex;flex:1 1 100%;flex-direction:column;padding:",
          [Function],
          "px",
          " 0;&:first-child{padding-left:",
          [Function],
          ";}",
        ],
      },
      "displayName": "ReadoutItemData",
      "foldedComponentIds": Array [],
      "propTypes": Object {
        "paddingLeft": [Function],
      },
      "render": [Function],
      "styledComponentId": "ReadoutItemData-sc-8swpcn-0",
      "target": "div",
      "toString": [Function],
      "warnTooManyClasses": [Function],
      "withComponent": [Function],
    }
  }
  forwardedRef={null}
/>
`;
