// Jest Snapshot v1, https://goo.gl/fbAQLP

exports[`HeaderContainer matches snapshot 1`] = `
<StyledComponent
  forwardedComponent={
    Object {
      "$$typeof": Symbol(react.forward_ref),
      "attrs": Array [],
      "componentStyle": ComponentStyle {
        "componentId": "HeaderContainer-sc-1e4y2wi-0",
        "isStatic": false,
        "rules": Array [
          "color:#fff;padding:",
          [Function],
          "px",
          " ",
          [Function],
          "px",
          " ",
          [Function],
          "px",
          ";transition:all 0.1s ease;@media all and (min-width:1000px){padding:",
          [Function],
          "px",
          " ",
          [Function],
          "px",
          " ",
          [Function],
          "px",
          ";}",
        ],
      },
      "displayName": "HeaderContainer",
      "foldedComponentIds": Array [],
      "render": [Function],
      "styledComponentId": "HeaderContainer-sc-1e4y2wi-0",
      "target": "div",
      "toString": [Function],
      "warnTooManyClasses": [Function],
      "withComponent": [Function],
    }
  }
  forwardedRef={null}
/>
`;
