// Jest Snapshot v1, https://goo.gl/fbAQLP

exports[`Header matches snapshot 1`] = `
.c0 {
  font-size: 36px;
  font-family: "Avenir Next","Metropolis","Helvetica Neue",Arial,sans-serif,-apple-system,BlinkMacSystemFont,"Segoe UI","Roboto","Oxygen","Ubuntu","Cantarell","Fira Sans","Droid Sans","Helvetica Neue",sans-serif;
  font-weight: 400;
  margin: 0;
  display: inline-block;
  line-height: 1.2;
  max-width: 100%;
  position: relative;
  text-transform: capitalize;
  z-index: 1;
}

.c0::before {
  background-color: #000;
  content: "";
  display: block;
  -webkit-filter: blur(12px);
  filter: blur(12px);
  height: 100%;
  left: 0;
  position: absolute;
  top: 0;
  width: 108%;
  z-index: -1;
}

<h1
  className="c0"
/>
`;
