// Jest Snapshot v1, https://goo.gl/fbAQLP

exports[`LoadingSpinner matches snapshot 1`] = `
.c0 {
  margin: 8px;
  border-radius: 100px;
  background-size: 200% 200%;
  position: relative;
  -webkit-animation: eBVUqU 16s ease infinite;
  animation: eBVUqU 16s ease infinite;
  background-image: linear-gradient( to right,rgba(255,0,0,0) 40%,red 60%,rgba(255,0,0,0) );
  height: 16px;
  width: 16px;
}

.c0:after {
  background-color: blue;
  box-shadow: 0 0 1px rgba(255,0,0,0.2);
  left: 1px;
  top: 1px;
  right: 1px;
  bottom: 1px;
  content: "";
  position: absolute;
  border-radius: inherit;
}

<div
  className="c0"
/>
`;
