// Jest Snapshot v1, https://goo.gl/fbAQLP

exports[`LoadingSpinner matches snapshot 1`] = `
<SpinnerSVG
  height="100"
  theme={
    Object {
      "brandColor": "blue",
    }
  }
  viewBox="0 0 100 100"
  width="100"
  xmlns="http://www.w3.org/2000/svg"
>
  <defs>
    <linearGradient
      id="gradient"
      x1="0%"
      x2="0%"
      y1="0%"
      y2="100%"
    >
      <Stop
        offset="0%"
        transparent={true}
      />
      <Stop
        offset="33%"
        transparent={true}
      />
      <Stop
        offset="100%"
      />
    </linearGradient>
  </defs>
  <circle
    cx="50"
    cy="50"
    fill="none"
    r="47"
    stroke="url(#gradient)"
    strokeWidth="1"
    transform="rotate(90 50 50)"
    vectorEffect="non-scaling-stroke"
  />
</SpinnerSVG>
`;
