// Jest Snapshot v1, https://goo.gl/fbAQLP

exports[`TabGroup matches snapshot 1`] = `
.c2 {
  -webkit-flex: 0 0 auto;
  -ms-flex: 0 0 auto;
  flex: 0 0 auto;
  padding-left: 8px;
  padding-right: 8px;
  font-weight: 600;
  border-bottom: 2px solid;
  cursor: pointer;
  display: -webkit-box;
  display: -webkit-flex;
  display: -ms-flexbox;
  display: flex;
  -webkit-align-items: center;
  -webkit-box-align: center;
  -ms-flex-align: center;
  align-items: center;
  -webkit-box-pack: center;
  -webkit-justify-content: center;
  -ms-flex-pack: center;
  justify-content: center;
}

.c2:hover {
  border-color: currentColor;
}

.c2:active {
  border-color: #0aab2a;
}

.c3 {
  -webkit-flex: 0 0 auto;
  -ms-flex: 0 0 auto;
  flex: 0 0 auto;
}

.c0 {
  width: 100%;
  display: -webkit-box;
  display: -webkit-flex;
  display: -ms-flexbox;
  display: flex;
  -webkit-flex-direction: row;
  -ms-flex-direction: row;
  flex-direction: row;
  -webkit-align-items: stretch;
  -webkit-box-align: stretch;
  -ms-flex-align: stretch;
  align-items: stretch;
  -webkit-box-pack: center;
  -webkit-justify-content: center;
  -ms-flex-pack: center;
  justify-content: center;
}

.c1 {
  padding: 0 8px;
}

<nav
  className="c0"
>
  <p
    className="c1"
  >
    Tab Group Label
  </p>
  <a
    className="c2"
    disabled={false}
  >
    <span
      className="c3"
    >
      Test
    </span>
  </a>
</nav>
`;
