// Jest Snapshot v1, https://goo.gl/fbAQLP

exports[`TabGroup matches snapshot 1`] = `
.c2 {
  font-family: Inter var,Inter,-apple-system,BlinkMacSystemFont,"Segoe UI","Roboto","Oxygen","Ubuntu","Cantarell","Fira Sans","Droid Sans","Helvetica Neue",sans-serif;
  font-size: 14px;
  color: hsla(0,0%,0%,0.85);
  padding: calc(var(--SPACING_BASE) * 0.5 * 1px)  calc(var(--SPACING_BASE) * 2 * 1px);
  -webkit-flex: 0 0 auto;
  -ms-flex: 0 0 auto;
  flex: 0 0 auto;
  cursor: pointer;
  display: -webkit-box;
  display: -webkit-flex;
  display: -ms-flexbox;
  display: flex;
  -webkit-align-items: center;
  -webkit-box-align: center;
  -ms-flex-align: center;
  align-items: center;
  -webkit-box-pack: center;
  -webkit-justify-content: center;
  -ms-flex-pack: center;
  justify-content: center;
  -webkit-transition: box-shadow 0.15s ease;
  transition: box-shadow 0.15s ease;
}

.c2:hover {
  box-shadow: rgba(0,180,43,0.5) 0px -2px inset;
}

.c2:active {
  box-shadow: rgba(0,180,43,0.7) 0px -2px inset;
  -webkit-transition-duration: 0;
  transition-duration: 0;
  -webkit-user-select: none;
  -moz-user-select: none;
  -ms-user-select: none;
  user-select: none;
}

.c2:focus {
  outline: none;
}

.c2:not(:hover):focus {
  outline: 2px solid rgba(0,180,43,0.5);
}

.c2:not(:hover):focus:active {
  outline: 2px solid rgba(0,180,43,0.7);
}

.c3 {
  -webkit-flex: 0 0 auto;
  -ms-flex: 0 0 auto;
  flex: 0 0 auto;
}

.c1 {
  padding: 0  calc(var(--SPACING_BASE) * 1 * 1px);
  font-size: 14px;
  height: 100%;
  margin: auto 0;
  -webkit-flex: 0 0 auto;
  -ms-flex: 0 0 auto;
  flex: 0 0 auto;
}

.c0 {
  width: 100%;
  display: -webkit-box;
  display: -webkit-flex;
  display: -ms-flexbox;
  display: flex;
  -webkit-flex-direction: row;
  -ms-flex-direction: row;
  flex-direction: row;
  -webkit-align-items: stretch;
  -webkit-box-align: stretch;
  -ms-flex-align: stretch;
  align-items: stretch;
  -webkit-box-pack: center;
  -webkit-justify-content: center;
  -ms-flex-pack: center;
  justify-content: center;
  font-family: Inter var,Inter,-apple-system,BlinkMacSystemFont,"Segoe UI","Roboto","Oxygen","Ubuntu","Cantarell","Fira Sans","Droid Sans","Helvetica Neue",sans-serif;
  color: hsla(0,0%,0%,0.85);
  min-height: calc(var(--SPACING_BASE) * 4 * 1px);
}

<nav
  className="c0"
>
  <p
    className="c1"
  >
    Tab Group Label
  </p>
  <a
    className="c2"
    onClick={[Function]}
  >
    <span
      className="c3"
    >
      Test
    </span>
  </a>
</nav>
`;
