// Jest Snapshot v1, https://goo.gl/fbAQLP

exports[`Tab matches snapshot 1`] = `
.c0 {
  -webkit-flex: 0 0 auto;
  -ms-flex: 0 0 auto;
  flex: 0 0 auto;
  padding-left: 8px;
  padding-right: 8px;
  font-weight: 600;
  border-bottom: 2px solid;
  cursor: pointer;
  display: -webkit-box;
  display: -webkit-flex;
  display: -ms-flexbox;
  display: flex;
  -webkit-align-items: center;
  -webkit-box-align: center;
  -ms-flex-align: center;
  align-items: center;
  -webkit-box-pack: center;
  -webkit-justify-content: center;
  -ms-flex-pack: center;
  justify-content: center;
}

.c0:hover {
  border-color: currentColor;
}

.c0:active {
  border-color: #0aab2a;
}

.c1 {
  -webkit-flex: 0 0 auto;
  -ms-flex: 0 0 auto;
  flex: 0 0 auto;
}

<a
  className="c0"
  disabled={false}
  onClick={undefined}
>
  <span
    className="c1"
  >
    Test
  </span>
</a>
`;
