// Jest Snapshot v1, https://goo.gl/fbAQLP

exports[`Pause matches snapshot 1`] = `
ShallowWrapper {
  "length": 1,
  Symbol(enzyme.__root__): [Circular],
  Symbol(enzyme.__unrendered__): <Pause />,
  Symbol(enzyme.__renderer__): Object {
    "batchedUpdates": [Function],
    "getNode": [Function],
    "render": [Function],
    "simulateEvent": [Function],
    "unmount": [Function],
  },
  Symbol(enzyme.__node__): Object {
    "instance": null,
    "key": null,
    "nodeType": "host",
    "props": Object {
      "d": "M6,5 L10.6153846,5 L10.6153846,19 L6,19 L6,5 Z M13.3846154,5 L18,5 L18,19 L13.3846154,19 L13.3846154,5 Z",
      "id": "Combined-Shape",
    },
    "ref": null,
    "rendered": null,
    "type": "path",
  },
  Symbol(enzyme.__nodes__): Array [
    Object {
      "instance": null,
      "key": null,
      "nodeType": "host",
      "props": Object {
        "d": "M6,5 L10.6153846,5 L10.6153846,19 L6,19 L6,5 Z M13.3846154,5 L18,5 L18,19 L13.3846154,19 L13.3846154,5 Z",
        "id": "Combined-Shape",
      },
      "ref": null,
      "rendered": null,
      "type": "path",
    },
  ],
  Symbol(enzyme.__options__): Object {
    "adapter": ReactSixteenAdapter {
      "options": Object {
        "enableComponentDidUpdateOnSetState": true,
      },
    },
  },
}
`;
