// Jest Snapshot v1, https://goo.gl/fbAQLP

exports[`ButtonWrap should match snapshot 1`] = `
.c0 {
  box-sizing: border-box;
  -webkit-user-select: none;
  -moz-user-select: none;
  -ms-user-select: none;
  user-select: none;
  font-weight: 500;
  border-width: 1px;
  line-height: 1.4;
  border-style: solid;
  text-transform: none;
  text-align: center;
  display: -webkit-box;
  display: -webkit-flex;
  display: -ms-flexbox;
  display: flex;
  -webkit-box-pack: center;
  -webkit-justify-content: center;
  -ms-flex-pack: center;
  justify-content: center;
  -webkit-align-items: center;
  -webkit-box-align: center;
  -ms-flex-align: center;
  align-items: center;
  cursor: pointer;
  -webkit-transition: all 0.3s ease;
  transition: all 0.3s ease;
  background-color: #fff;
  border-color: #f0f0f0;
  border-top-color: #fff;
  border-bottom-color: #d1d1d1;
  color: #000;
  font-size: 14px;
  border-radius: 3px;
  padding: 1.4px 4px;
  -webkit-flex-direction: row;
  -ms-flex-direction: row;
  flex-direction: row;
}

.c0:hover {
  -webkit-transition: all 0.1s ease;
  transition: all 0.1s ease;
}

.c0:focus,
.c0:active {
  -webkit-transition: all 0 ease;
  transition: all 0 ease;
}

.c0 > * {
  -webkit-flex: 0 1 auto;
  -ms-flex: 0 1 auto;
  flex: 0 1 auto;
}

.c0:active {
  -webkit-transition-duration: 0s;
  transition-duration: 0s;
  background-color: #ececec;
  border-color: #ddd;
  border-top-color: #f4f4f4;
  border-bottom-color: #bebebe;
  color: #000;
}

.c0:hover {
  background-color: #fbfbfb;
  border-color: #ececec;
  border-top-color: #fff;
  border-bottom-color: #cdcdcd;
  color: #000;
}

.c0:focus {
  z-index: 1;
}

.c0[disabled],
.c0[disabled]:hover,
.c0[disabled]:focus,
.c0[disabled]:active {
  cursor: default;
  opacity: 0.8;
  background-color: #f0f0f0;
  border-color: #f0f0f0;
  color: #000;
}

.c0 > svg {
  width: 24px;
  height: 24px;
}

.c0 > :not(:first-child) {
  margin-left: 4px;
  -webkit-flex-basis: auto;
  -ms-flex-preferred-size: auto;
  flex-basis: auto;
}

<button
  className="c0"
/>
`;
