// Jest Snapshot v1, https://goo.gl/fbAQLP

exports[`Bars matches snapshot 1`] = `
ShallowWrapper {
  "length": 1,
  Symbol(enzyme.__root__): [Circular],
  Symbol(enzyme.__unrendered__): <Bars />,
  Symbol(enzyme.__renderer__): Object {
    "batchedUpdates": [Function],
    "getNode": [Function],
    "render": [Function],
    "simulateEvent": [Function],
    "unmount": [Function],
  },
  Symbol(enzyme.__node__): Object {
    "instance": null,
    "key": undefined,
    "nodeType": "host",
    "props": Object {
      "d": "M7,8 L19,8 L19,9.5 L7,9.5 L7,8 Z M7,12 L19,12 L19,13.5 L7,13.5 L7,12 Z M7,16 L19,16 L19,17.5 L7,17.5 L7,16 Z",
      "id": "Combined-Shape",
    },
    "ref": null,
    "rendered": null,
    "type": "path",
  },
  Symbol(enzyme.__nodes__): Array [
    Object {
      "instance": null,
      "key": undefined,
      "nodeType": "host",
      "props": Object {
        "d": "M7,8 L19,8 L19,9.5 L7,9.5 L7,8 Z M7,12 L19,12 L19,13.5 L7,13.5 L7,12 Z M7,16 L19,16 L19,17.5 L7,17.5 L7,16 Z",
        "id": "Combined-Shape",
      },
      "ref": null,
      "rendered": null,
      "type": "path",
    },
  ],
  Symbol(enzyme.__options__): Object {
    "adapter": ReactSixteenAdapter {
      "options": Object {
        "enableComponentDidUpdateOnSetState": true,
      },
    },
  },
}
`;
