// Jest Snapshot v1, https://goo.gl/fbAQLP

exports[`RadioBox should render 1`] = `
.c1 {
  border: 1px solid #00b42b;
  color: #00b42b;
  font-size: calc(var(--SPACING_BASE) * 2 * 1px);
  margin: calc(var(--SPACING_BASE) * 0.25 * 1px);
  -webkit-appearance: none;
  -moz-appearance: none;
  appearance: none;
  -webkit-flex: 0 0 calc(1em - 2px);
  -ms-flex: 0 0 calc(1em - 2px);
  flex: 0 0 calc(1em - 2px);
  height: calc(1em - 2px);
  width: calc(1em - 2px);
  position: relative;
  display: -webkit-box;
  display: -webkit-flex;
  display: -ms-flexbox;
  display: flex;
  -webkit-align-items: center;
  -webkit-box-align: center;
  -ms-flex-align: center;
  align-items: center;
  -webkit-box-pack: center;
  -webkit-justify-content: center;
  -ms-flex-pack: center;
  justify-content: center;
  -webkit-transition: all 0.15s ease;
  transition: all 0.15s ease;
  box-sizing: border-box;
}

.c1:invalid {
  box-shadow: 0 0 0 0 transparent,0 0 0 0 transparent;
}

.c1:invalid:required {
  background-color: #f9e1dd;
}

.c1:disabled {
  background-color: #FDFDFE;
}

.c1:valid:required {
  background-color: #d8f3df;
}

.c1:valid:required[type="checkbox"]:after,
.c1:valid:required[type="radio"]:after {
  border-color: #00b42b;
}

.c1:-moz-read-only[type="text"],
.c1:-moz-read-only[type="password"],
.c1:-moz-read-only[type="search"],
.c1:-moz-read-only[type="url"],
.c1:-moz-read-only[type="tel"],
.c1:-moz-read-only[type="number"],
.c1:-moz-read-only[type="email"] {
  border-style: dashed !important;
}

.c1:read-only[type="text"],
.c1:read-only[type="password"],
.c1:read-only[type="search"],
.c1:read-only[type="url"],
.c1:read-only[type="tel"],
.c1:read-only[type="number"],
.c1:read-only[type="email"] {
  border-style: dashed !important;
}

.c1.isFocusVisible {
  outline: none;
  border: 1px solid #00b42b;
  box-shadow: 0 0 0 2.5px rgba(0,180,43,0.5);
}

.c1:focus {
  box-shadow: 0 0 0 2.5px rgba(0,180,43,0.5),0;
}

.c1:active {
  box-shadow: inset 0 0 0 1px #00b42b,0;
}

.c1:active:focus {
  box-shadow: 0 0 0 2.5px rgba(0,180,43,0.5),inset 0 0 0 1px #00b42b;
}

.c1:after {
  content: "";
  box-sizing: border-box;
  opacity: 0;
  position: absolute;
  top: 50%;
  left: 50%;
}

.c1:checked {
  background: #00b42b;
}

.c1:checked:after {
  opacity: 1;
}

.c1:disabled {
  border-color: hsl(0,0%,94%);
  opacity: 0.5;
  box-shadow: none;
}

.c1:disabled:checked {
  background-color: hsl(0,0%,94%);
}

.c2 {
  border-radius: 200px;
}

.c2:after {
  position: static;
  width: 0;
  height: 0;
  border-radius: 200px;
  box-sizing: border-box;
  -webkit-transform: scale(0);
  -ms-transform: scale(0);
  transform: scale(0);
  -webkit-transition: all 0.3s ease;
  transition: all 0.3s ease;
}

.c2:checked:enabled {
  background: #00b42b;
}

.c2:checked:after {
  background-color: #fff;
  width: 50%;
  height: 50%;
  -webkit-transform: scale(1);
  -ms-transform: scale(1);
  transform: scale(1);
}

*:hover > .c0 {
  background: rgba(0,180,43,0.15);
}

*:hover > .c0:checked {
  background: rgba(0,180,43,0.7);
  border-color: transparent;
}

*:active > *:hover > .c0 {
  background: rgba(0,180,43,0.5);
}

*:active > *:hover > .c0:checked {
  background: rgba(0,180,43,0.5);
  border-color: transparent;
}

<input
  className="c0 c1 c2"
  type="radio"
/>
`;
