// Jest Snapshot v1, https://goo.gl/fbAQLP

exports[`Collapse matches snapshot 1`] = `
.c0 {
  width: 100%;
  font-family: -apple-system,BlinkMacSystemFont,"Segoe UI","Roboto","Oxygen","Ubuntu","Cantarell","Fira Sans","Droid Sans","Helvetica Neue",sans-serif;
  border-top: 1px solid rgba(0,0,0,0.08);
  height: 100%;
}

<section
  className="c0"
>
  <Header
    onClick={[Function]}
  >
    <Opener
      collapsed={true}
    >
      <IconMock />
    </Opener>
    <Title>
      Collapse title
    </Title>
    <Detail />
  </Header>
  <Body
    bodyHeight={0}
    collapsed={true}
    innerRef={
      Object {
        "current": null,
      }
    }
  >
    <div>
      Collapse children
    </div>
  </Body>
</section>
`;
