// Jest Snapshot v1, https://goo.gl/fbAQLP

exports[`ButtonGroup should match snapshot 1`] = `
.c0 {
  display: -webkit-box;
  display: -webkit-flex;
  display: -ms-flexbox;
  display: flex;
  -webkit-flex-direction: row;
  -ms-flex-direction: row;
  flex-direction: row;
}

.c0 * + * {
  margin-left: calc(var(--SPACING_BASE) * 0.5 * 1px);
}

<div
  className="c0"
/>
`;
