// Jest Snapshot v1, https://goo.gl/fbAQLP

exports[`Header matches snapshot 1`] = `
<StyledComponent
  forwardedComponent={
    Object {
      "$$typeof": Symbol(react.forward_ref),
      "attrs": Array [],
      "componentStyle": ComponentStyle {
        "componentId": "Header-u1waum-0",
        "isStatic": true,
        "rules": Array [
          "align-items:center;display:flex;flex-direction:row;padding:0 ",
          "8px",
          " 0;width:100%;flex:0 0 ",
          "24px",
          ";",
        ],
      },
      "displayName": "Header",
      "foldedComponentIds": Array [],
      "render": [Function],
      "styledComponentId": "Header-u1waum-0",
      "target": "header",
      "toString": [Function],
      "warnTooManyClasses": [Function],
      "withComponent": [Function],
    }
  }
  forwardedRef={null}
/>
`;
