// Jest Snapshot v1, https://goo.gl/fbAQLP

exports[`Header matches snapshot 1`] = `
.c0 {
  -webkit-align-items: center;
  -webkit-box-align: center;
  -ms-flex-align: center;
  align-items: center;
  display: -webkit-box;
  display: -webkit-flex;
  display: -ms-flexbox;
  display: flex;
  -webkit-flex-direction: row;
  -ms-flex-direction: row;
  flex-direction: row;
  padding: 0 8px 0;
  width: 100%;
  -webkit-flex: 0 0 24px;
  -ms-flex: 0 0 24px;
  flex: 0 0 24px;
}

<header
  className="c0"
/>
`;
