// Jest Snapshot v1, https://goo.gl/fbAQLP

exports[`SectionContent matches snapshot 1`] = `
<StyledComponent
  forwardedComponent={
    Object {
      "$$typeof": Symbol(react.forward_ref),
      "attrs": Array [],
      "componentStyle": ComponentStyle {
        "componentId": "SectionContent-sc-1uv9h83-0",
        "isStatic": false,
        "rules": Array [
          "margin:0 auto;padding:",
          [Function],
          "px",
          ";width:100%;display:flex;justify-content:center;flex:1 0 auto;",
        ],
      },
      "displayName": "SectionContent",
      "foldedComponentIds": Array [],
      "render": [Function],
      "styledComponentId": "SectionContent-sc-1uv9h83-0",
      "target": "div",
      "toString": [Function],
      "warnTooManyClasses": [Function],
      "withComponent": [Function],
    }
  }
  forwardedRef={null}
/>
`;
