// Jest Snapshot v1, https://goo.gl/fbAQLP

exports[`InputField matches snapshot 1`] = `
<InputWrap
  labelPosition="top"
  theme={
    Object {
      "COLOR_BACKGROUND_DEFAULT": "hsl(0, 0%, 100%)",
      "COLOR_BACKGROUND_THREE": "hsl(0, 0%, 94%)",
      "COLOR_BACKGROUND_TWO": "#FDFDFE",
      "COLOR_BRAND_PRIMARY": "#00b42b",
      "COLOR_BRAND_SECONDARY": "#00b42b",
      "COLOR_CONTENT_CONTRAST": "hsl(0, 0%, 0%)",
      "COLOR_CONTENT_DEFAULT": "hsla(0, 0%, 0%, 0.85)",
      "COLOR_CONTENT_MUTED": "hsla(0, 0%, 0%, 0.6)",
      "COLOR_CONTENT_NONESSENTIAL": "hsla(0, 0%, 0%, 0.3)",
      "COLOR_INTENT_DANGER": "#D83D22",
      "COLOR_INTENT_HIGHLIGHT": "#00b42b",
      "COLOR_INTENT_INFO": "#1E6DF6",
      "COLOR_INTENT_SUCCESS": "#00b42b",
      "COLOR_INTENT_WARNING": "#F7CD45",
      "COLOR_KEYLINE_DEFAULT": "hsla(0, 0%, 0%, 0.08)",
      "COLOR_KEYLINE_SOLID": "hsl(0, 0%, 92%)",
      "CORNER_RADIUS_CARD_DEFAULT": "0.5rem",
      "CORNER_RADIUS_CARD_LG": "1rem",
      "CORNER_RADIUS_CARD_SM": "0.25rem",
      "CORNER_RADIUS_INPUT": "0.5rem",
      "CORNER_RADIUS_MAX": "90000px",
      "CORNER_RADIUS_SHARP": "0.25rem",
      "FONT_SIZE_HEADING_DEFAULT": "36px",
      "FONT_SIZE_HEADING_LG": "38px",
      "FONT_SIZE_HEADING_SM": "32px",
      "FONT_SIZE_ITEM_TITLE_DEFAULT": "14px",
      "FONT_SIZE_ITEM_TITLE_LG": "16px",
      "FONT_SIZE_ITEM_TITLE_SM": "12px",
      "FONT_SIZE_PAGE_TITLE": "40px",
      "FONT_SIZE_SUBHEADING_DEFAULT": "16px",
      "FONT_SIZE_SUBHEADING_LG": "18px",
      "FONT_SIZE_SUBHEADING_SM": "14px",
      "FONT_SIZE_TEXT_DEFAULT": "14px",
      "FONT_SIZE_TEXT_LG": "16px",
      "FONT_SIZE_TEXT_SM": "12px",
      "FONT_SIZE_TEXT_XL": "18px",
      "FONT_SIZE_TEXT_XS": "10px",
      "FONT_STACK_BRAND": "\\"Metropolis\\", \\"Helvetica Neue\\", Arial, sans-serif",
      "FONT_STACK_CODE": "\\"SFMono-Regular\\", Consolas, \\"Liberation Mono\\", Menlo, Courier, monospace",
      "FONT_STACK_DEFAULT": "-apple-system, BlinkMacSystemFont, \\"Segoe UI\\", \\"Roboto\\", \\"Oxygen\\", \\"Ubuntu\\", \\"Cantarell\\", \\"Fira Sans\\", \\"Droid Sans\\", \\"Helvetica Neue\\", sans-serif",
      "FONT_WEIGHT_BOLD": 700,
      "FONT_WEIGHT_DEFAULT": 400,
      "FONT_WEIGHT_MEDIUM": 500,
      "FONT_WEIGHT_SEMIBOLD": 600,
      "LETTER_SPACING_DEFAULT": "normal",
      "LINE_HEIGHT_DEFAULT": 1.4,
      "LINE_HEIGHT_LOOSE": 1.6,
      "LINE_HEIGHT_TIGHT": 1.2,
      "OPACITY_FULL": "1",
      "OPACITY_LIGHT": "0.7",
      "OPACITY_LIGHTER": "0.5",
      "OPACITY_LIGHTEST": "0.15",
      "SPACING_BASE": 8,
      "ZINDEX_ABYSS": "-9999",
      "ZINDEX_DROPDOWN": "1010",
      "ZINDEX_FIXED": "1030",
      "ZINDEX_FLOOR": "1",
      "ZINDEX_MODAL": "1050",
      "ZINDEX_POPOVER": "1060",
      "ZINDEX_SCRIM": "1040",
      "ZINDEX_STICKY": "1020",
      "ZINDEX_TOOLTIP": "1070",
      "name": "Keen",
    }
  }
>
  <InputLabelText
    theme={
      Object {
        "COLOR_BACKGROUND_DEFAULT": "hsl(0, 0%, 100%)",
        "COLOR_BACKGROUND_THREE": "hsl(0, 0%, 94%)",
        "COLOR_BACKGROUND_TWO": "#FDFDFE",
        "COLOR_BRAND_PRIMARY": "#00b42b",
        "COLOR_BRAND_SECONDARY": "#00b42b",
        "COLOR_CONTENT_CONTRAST": "hsl(0, 0%, 0%)",
        "COLOR_CONTENT_DEFAULT": "hsla(0, 0%, 0%, 0.85)",
        "COLOR_CONTENT_MUTED": "hsla(0, 0%, 0%, 0.6)",
        "COLOR_CONTENT_NONESSENTIAL": "hsla(0, 0%, 0%, 0.3)",
        "COLOR_INTENT_DANGER": "#D83D22",
        "COLOR_INTENT_HIGHLIGHT": "#00b42b",
        "COLOR_INTENT_INFO": "#1E6DF6",
        "COLOR_INTENT_SUCCESS": "#00b42b",
        "COLOR_INTENT_WARNING": "#F7CD45",
        "COLOR_KEYLINE_DEFAULT": "hsla(0, 0%, 0%, 0.08)",
        "COLOR_KEYLINE_SOLID": "hsl(0, 0%, 92%)",
        "CORNER_RADIUS_CARD_DEFAULT": "0.5rem",
        "CORNER_RADIUS_CARD_LG": "1rem",
        "CORNER_RADIUS_CARD_SM": "0.25rem",
        "CORNER_RADIUS_INPUT": "0.5rem",
        "CORNER_RADIUS_MAX": "90000px",
        "CORNER_RADIUS_SHARP": "0.25rem",
        "FONT_SIZE_HEADING_DEFAULT": "36px",
        "FONT_SIZE_HEADING_LG": "38px",
        "FONT_SIZE_HEADING_SM": "32px",
        "FONT_SIZE_ITEM_TITLE_DEFAULT": "14px",
        "FONT_SIZE_ITEM_TITLE_LG": "16px",
        "FONT_SIZE_ITEM_TITLE_SM": "12px",
        "FONT_SIZE_PAGE_TITLE": "40px",
        "FONT_SIZE_SUBHEADING_DEFAULT": "16px",
        "FONT_SIZE_SUBHEADING_LG": "18px",
        "FONT_SIZE_SUBHEADING_SM": "14px",
        "FONT_SIZE_TEXT_DEFAULT": "14px",
        "FONT_SIZE_TEXT_LG": "16px",
        "FONT_SIZE_TEXT_SM": "12px",
        "FONT_SIZE_TEXT_XL": "18px",
        "FONT_SIZE_TEXT_XS": "10px",
        "FONT_STACK_BRAND": "\\"Metropolis\\", \\"Helvetica Neue\\", Arial, sans-serif",
        "FONT_STACK_CODE": "\\"SFMono-Regular\\", Consolas, \\"Liberation Mono\\", Menlo, Courier, monospace",
        "FONT_STACK_DEFAULT": "-apple-system, BlinkMacSystemFont, \\"Segoe UI\\", \\"Roboto\\", \\"Oxygen\\", \\"Ubuntu\\", \\"Cantarell\\", \\"Fira Sans\\", \\"Droid Sans\\", \\"Helvetica Neue\\", sans-serif",
        "FONT_WEIGHT_BOLD": 700,
        "FONT_WEIGHT_DEFAULT": 400,
        "FONT_WEIGHT_MEDIUM": 500,
        "FONT_WEIGHT_SEMIBOLD": 600,
        "LETTER_SPACING_DEFAULT": "normal",
        "LINE_HEIGHT_DEFAULT": 1.4,
        "LINE_HEIGHT_LOOSE": 1.6,
        "LINE_HEIGHT_TIGHT": 1.2,
        "OPACITY_FULL": "1",
        "OPACITY_LIGHT": "0.7",
        "OPACITY_LIGHTER": "0.5",
        "OPACITY_LIGHTEST": "0.15",
        "SPACING_BASE": 8,
        "ZINDEX_ABYSS": "-9999",
        "ZINDEX_DROPDOWN": "1010",
        "ZINDEX_FIXED": "1030",
        "ZINDEX_FLOOR": "1",
        "ZINDEX_MODAL": "1050",
        "ZINDEX_POPOVER": "1060",
        "ZINDEX_SCRIM": "1040",
        "ZINDEX_STICKY": "1020",
        "ZINDEX_TOOLTIP": "1070",
        "name": "Keen",
      }
    }
  >
    Test
  </InputLabelText>
  <InputTextField
    autoFocus={false}
    clickAction={[Function]}
    disabled={false}
    readonly={true}
    theme={
      Object {
        "COLOR_BACKGROUND_DEFAULT": "hsl(0, 0%, 100%)",
        "COLOR_BACKGROUND_THREE": "hsl(0, 0%, 94%)",
        "COLOR_BACKGROUND_TWO": "#FDFDFE",
        "COLOR_BRAND_PRIMARY": "#00b42b",
        "COLOR_BRAND_SECONDARY": "#00b42b",
        "COLOR_CONTENT_CONTRAST": "hsl(0, 0%, 0%)",
        "COLOR_CONTENT_DEFAULT": "hsla(0, 0%, 0%, 0.85)",
        "COLOR_CONTENT_MUTED": "hsla(0, 0%, 0%, 0.6)",
        "COLOR_CONTENT_NONESSENTIAL": "hsla(0, 0%, 0%, 0.3)",
        "COLOR_INTENT_DANGER": "#D83D22",
        "COLOR_INTENT_HIGHLIGHT": "#00b42b",
        "COLOR_INTENT_INFO": "#1E6DF6",
        "COLOR_INTENT_SUCCESS": "#00b42b",
        "COLOR_INTENT_WARNING": "#F7CD45",
        "COLOR_KEYLINE_DEFAULT": "hsla(0, 0%, 0%, 0.08)",
        "COLOR_KEYLINE_SOLID": "hsl(0, 0%, 92%)",
        "CORNER_RADIUS_CARD_DEFAULT": "0.5rem",
        "CORNER_RADIUS_CARD_LG": "1rem",
        "CORNER_RADIUS_CARD_SM": "0.25rem",
        "CORNER_RADIUS_INPUT": "0.5rem",
        "CORNER_RADIUS_MAX": "90000px",
        "CORNER_RADIUS_SHARP": "0.25rem",
        "FONT_SIZE_HEADING_DEFAULT": "36px",
        "FONT_SIZE_HEADING_LG": "38px",
        "FONT_SIZE_HEADING_SM": "32px",
        "FONT_SIZE_ITEM_TITLE_DEFAULT": "14px",
        "FONT_SIZE_ITEM_TITLE_LG": "16px",
        "FONT_SIZE_ITEM_TITLE_SM": "12px",
        "FONT_SIZE_PAGE_TITLE": "40px",
        "FONT_SIZE_SUBHEADING_DEFAULT": "16px",
        "FONT_SIZE_SUBHEADING_LG": "18px",
        "FONT_SIZE_SUBHEADING_SM": "14px",
        "FONT_SIZE_TEXT_DEFAULT": "14px",
        "FONT_SIZE_TEXT_LG": "16px",
        "FONT_SIZE_TEXT_SM": "12px",
        "FONT_SIZE_TEXT_XL": "18px",
        "FONT_SIZE_TEXT_XS": "10px",
        "FONT_STACK_BRAND": "\\"Metropolis\\", \\"Helvetica Neue\\", Arial, sans-serif",
        "FONT_STACK_CODE": "\\"SFMono-Regular\\", Consolas, \\"Liberation Mono\\", Menlo, Courier, monospace",
        "FONT_STACK_DEFAULT": "-apple-system, BlinkMacSystemFont, \\"Segoe UI\\", \\"Roboto\\", \\"Oxygen\\", \\"Ubuntu\\", \\"Cantarell\\", \\"Fira Sans\\", \\"Droid Sans\\", \\"Helvetica Neue\\", sans-serif",
        "FONT_WEIGHT_BOLD": 700,
        "FONT_WEIGHT_DEFAULT": 400,
        "FONT_WEIGHT_MEDIUM": 500,
        "FONT_WEIGHT_SEMIBOLD": 600,
        "LETTER_SPACING_DEFAULT": "normal",
        "LINE_HEIGHT_DEFAULT": 1.4,
        "LINE_HEIGHT_LOOSE": 1.6,
        "LINE_HEIGHT_TIGHT": 1.2,
        "OPACITY_FULL": "1",
        "OPACITY_LIGHT": "0.7",
        "OPACITY_LIGHTER": "0.5",
        "OPACITY_LIGHTEST": "0.15",
        "SPACING_BASE": 8,
        "ZINDEX_ABYSS": "-9999",
        "ZINDEX_DROPDOWN": "1010",
        "ZINDEX_FIXED": "1030",
        "ZINDEX_FLOOR": "1",
        "ZINDEX_MODAL": "1050",
        "ZINDEX_POPOVER": "1060",
        "ZINDEX_SCRIM": "1040",
        "ZINDEX_STICKY": "1020",
        "ZINDEX_TOOLTIP": "1070",
        "name": "Keen",
      }
    }
    type="text"
  />
</InputWrap>
`;
