// Jest Snapshot v1, https://goo.gl/fbAQLP

exports[`Table matches snapshot 1`] = `
<TableWrapper
  theme={
    Object {
      "BORDER_RADIUS_BASE": "3px",
      "COLOR_BACKGROUND_A": "#ffffff",
      "COLOR_BACKGROUND_B": "#F8F8F8",
      "COLOR_BACKGROUND_C": "#000000",
      "COLOR_BRAND_A": "#0aab2a",
      "COLOR_BRAND_B": "#0aab2a",
      "COLOR_CONTENT": "#000",
      "COLOR_INTENT_DANGER": "#D83D22",
      "COLOR_INTENT_HIGHLIGHT": "#0aab2a",
      "COLOR_INTENT_INFO": "#1E6DF6",
      "COLOR_INTENT_SUCCESS": "#0aab2a",
      "COLOR_INTENT_WARNING": "#F7CD45",
      "COLOR_KEYLINE": "rgba(0,0,0,0.08)",
      "COLOR_KEYLINE_SOLID": "#EBEBEB",
      "FONTS_BRAND": "\\"Avenir Next\\", \\"Metropolis\\", \\"Helvetica Neue\\", Arial, sans-serif",
      "FONTS_CODE": "\\"SFMono-Regular\\", Consolas, \\"Liberation Mono\\", Menlo, Courier, monospace",
      "FONTS_SYSTEM": "-apple-system, BlinkMacSystemFont, \\"Segoe UI\\", \\"Roboto\\", \\"Oxygen\\", \\"Ubuntu\\", \\"Cantarell\\", \\"Fira Sans\\", \\"Droid Sans\\", \\"Helvetica Neue\\", sans-serif",
      "FONT_SIZE_BASE": "14px",
      "FONT_SIZE_HERO": "40px",
      "FONT_SIZE_LG": "18px",
      "FONT_SIZE_MD": "16px",
      "FONT_SIZE_SM": "11px",
      "FONT_SIZE_TITLE": "36px",
      "FONT_SIZE_XS": "9px",
      "FONT_STACK_BASE": "-apple-system, BlinkMacSystemFont, \\"Segoe UI\\", \\"Roboto\\", \\"Oxygen\\", \\"Ubuntu\\", \\"Cantarell\\", \\"Fira Sans\\", \\"Droid Sans\\", \\"Helvetica Neue\\", sans-serif",
      "FONT_STACK_BRAND": "\\"Avenir Next\\", \\"Metropolis\\", \\"Helvetica Neue\\", Arial, sans-serif",
      "FONT_STACK_CODE": "\\"SFMono-Regular\\", Consolas, \\"Liberation Mono\\", Menlo, Courier, monospace",
      "FONT_WEIGHT_BASE": 400,
      "FONT_WEIGHT_BOLD": 800,
      "FONT_WEIGHT_SEMIBOLD": 600,
      "ICON_VIEWBOX_SIZE": 24,
      "LINE_HEIGHT_BASE": 1.4,
      "OPACITY_100": "1",
      "OPACITY_15": "0.15",
      "OPACITY_50": "0.5",
      "OPACITY_70": "0.7",
      "RADIUS_05": "4px",
      "RADIUS_1": "8px",
      "RADIUS_2": "16px",
      "RADIUS_3": "24px",
      "RADIUS_4": "32px",
      "RADIUS_5": "40px",
      "RADIUS_6": "48px",
      "RADIUS_7": "56px",
      "RADIUS_8": "64px",
      "SPACING_BASE": 8,
      "ZINDEX_STICKY": "1010",
      "ZINDEX_TOOLTIP": "1070",
      "name": "Keen",
    }
  }
>
  <colgroup>
    <TableColumn
      colWidth="50%"
      key="50%|0"
    />
    <TableColumn
      colWidth="20%"
      key="20%|1"
    />
    <TableColumn
      colWidth="10%"
      key="10%|2"
    />
    <TableColumn
      colWidth="10%"
      key="10%|3"
    />
  </colgroup>
  <TableHeader
    columns={
      Array [
        Object {
          "dataIndex": "name",
          "key": "name",
          "onSort": [Function],
          "title": "Name",
          "width": "50%",
        },
        Object {
          "dataIndex": "address",
          "key": "address",
          "onSort": [Function],
          "title": "Address",
          "width": "20%",
        },
        Object {
          "dataIndex": "age",
          "key": "age",
          "onSort": [Function],
          "title": "Age",
          "width": "10%",
        },
        Object {
          "dataIndex": "favfood",
          "key": "favfood",
          "onSort": [Function],
          "title": "Food",
          "width": "10%",
        },
      ]
    }
    onSort={[Function]}
  />
  <tbody>
    <TableRow
      columns={
        Array [
          Object {
            "dataIndex": "name",
            "key": "name",
            "onSort": [Function],
            "title": "Name",
            "width": "50%",
          },
          Object {
            "dataIndex": "address",
            "key": "address",
            "onSort": [Function],
            "title": "Address",
            "width": "20%",
          },
          Object {
            "dataIndex": "age",
            "key": "age",
            "onSort": [Function],
            "title": "Age",
            "width": "10%",
          },
          Object {
            "dataIndex": "favfood",
            "key": "favfood",
            "onSort": [Function],
            "title": "Food",
            "width": "10%",
          },
        ]
      }
      data={
        Object {
          "address": "New York No. 1 Lake Park",
          "age": 32,
          "favfood": "Hotdogs",
          "key": "1",
          "name": "Adolph Blaine Charles David Earl Frederick Gerald Hubert Irvin John Kenneth Lloyd Martin Nero Oliver Paul Quincy Randolph Sherman Thomas Uncas Victor William Xerxes Yancy Wolfeschlegelsteinhausenbergerdorff, Senior",
        }
      }
      isSelected={false}
      key="1"
      onRowClick={[Function]}
      rowIndex={0}
    />
    <TableRow
      columns={
        Array [
          Object {
            "dataIndex": "name",
            "key": "name",
            "onSort": [Function],
            "title": "Name",
            "width": "50%",
          },
          Object {
            "dataIndex": "address",
            "key": "address",
            "onSort": [Function],
            "title": "Address",
            "width": "20%",
          },
          Object {
            "dataIndex": "age",
            "key": "age",
            "onSort": [Function],
            "title": "Age",
            "width": "10%",
          },
          Object {
            "dataIndex": "favfood",
            "key": "favfood",
            "onSort": [Function],
            "title": "Food",
            "width": "10%",
          },
        ]
      }
      data={
        Object {
          "address": "London No. 1 Lake Park",
          "age": 42,
          "favfood": "Amatriciana",
          "key": "2",
          "name": "Jane Green",
        }
      }
      isSelected={false}
      key="2"
      onRowClick={[Function]}
      rowIndex={1}
    />
    <TableRow
      columns={
        Array [
          Object {
            "dataIndex": "name",
            "key": "name",
            "onSort": [Function],
            "title": "Name",
            "width": "50%",
          },
          Object {
            "dataIndex": "address",
            "key": "address",
            "onSort": [Function],
            "title": "Address",
            "width": "20%",
          },
          Object {
            "dataIndex": "age",
            "key": "age",
            "onSort": [Function],
            "title": "Age",
            "width": "10%",
          },
          Object {
            "dataIndex": "favfood",
            "key": "favfood",
            "onSort": [Function],
            "title": "Food",
            "width": "10%",
          },
        ]
      }
      data={
        Object {
          "address": "Sidney No. 1 Lake Park",
          "age": 32,
          "favfood": "Grilled Cheese",
          "key": "3",
          "name": "Jenny Black",
        }
      }
      isSelected={false}
      key="3"
      onRowClick={[Function]}
      rowIndex={2}
    />
  </tbody>
</TableWrapper>
`;
