// Jest Snapshot v1, https://goo.gl/fbAQLP

exports[`InputBox should render 1`] = `
.c0 {
  border: 1px solid #0aab2a;
  color: #0aab2a;
  font-size: 16px;
  margin: 2px;
  -webkit-appearance: none;
  -moz-appearance: none;
  appearance: none;
  -webkit-flex: 0 0 calc(1em - 2px);
  -ms-flex: 0 0 calc(1em - 2px);
  flex: 0 0 calc(1em - 2px);
  height: calc(1em - 2px);
  width: calc(1em - 2px);
  position: relative;
  display: -webkit-box;
  display: -webkit-flex;
  display: -ms-flexbox;
  display: flex;
  -webkit-align-items: center;
  -webkit-box-align: center;
  -ms-flex-align: center;
  align-items: center;
  -webkit-box-pack: center;
  -webkit-justify-content: center;
  -ms-flex-pack: center;
  justify-content: center;
  -webkit-transition: all 0.15s ease;
  transition: all 0.15s ease;
}

.c0:invalid {
  box-shadow: 0 0 0 0 transparent,0 0 0 0 transparent;
}

.c0:invalid:required {
  background-color: #f9e1dd;
}

.c0:disabled {
  background-color: #F8F8F8;
}

.c0:valid:required {
  background-color: #daf2df;
}

.c0:valid:required[type="checkbox"]:after,
.c0:valid:required[type="radio"]:after {
  border-color: #0aab2a;
}

.c0:-moz-read-only[type="text"],
.c0:-moz-read-only[type="password"],
.c0:-moz-read-only[type="search"],
.c0:-moz-read-only[type="url"],
.c0:-moz-read-only[type="tel"],
.c0:-moz-read-only[type="number"],
.c0:-moz-read-only[type="email"] {
  border-style: dashed !important;
}

.c0:read-only[type="text"],
.c0:read-only[type="password"],
.c0:read-only[type="search"],
.c0:read-only[type="url"],
.c0:read-only[type="tel"],
.c0:read-only[type="number"],
.c0:read-only[type="email"] {
  border-style: dashed !important;
}

.c0:focus,
.c0:focus:active {
  outline: none;
  border: 1px solid #0aab2a;
  box-shadow: 0 0 0 2.5px rgba(10,171,42,0.5);
}

.c0:focus {
  box-shadow: 0 0 0 2.5px rgba(10,171,42,0.5),0;
}

.c0:active {
  box-shadow: inset 0 0 0 1px #0aab2a,0;
}

.c0:active:focus {
  box-shadow: 0 0 0 2.5px rgba(10,171,42,0.5),inset 0 0 0 1px #0aab2a;
}

.c0:after {
  content: "";
  opacity: 0;
  position: absolute;
  top: 50%;
  left: 50%;
  -webkit-transform: translateY(-50%) translateX(-50%);
  -ms-transform: translateY(-50%) translateX(-50%);
  transform: translateY(-50%) translateX(-50%);
  background-color: #fff;
}

.c0:checked {
  background: #0aab2a;
}

.c0:checked:after {
  opacity: 1;
}

.c0:disabled {
  border-color: #000;
  opacity: 0.5;
  box-shadow: none;
}

.c0:disabled:checked {
  background-color: #000;
}

<input
  className="c0"
/>
`;
