// Jest Snapshot v1, https://goo.gl/fbAQLP

exports[`HeaderToolbar component matches snapshot with instance view tabs 1`] = `
<HeaderToolbarWrapper>
  <span>
    1.1.6
  </span>
  <ButtonGroup>
    <Button
      active={false}
      clickAction={[Function]}
      disabled={false}
      label="Settings"
      orientation="horizontal"
      outline={true}
      size="xs"
      style={
        Object {
          "backgroundColor": "white",
          "border": "none",
          "color": "black",
        }
      }
      type="info"
    />
  </ButtonGroup>
</HeaderToolbarWrapper>
`;
