// Jest Snapshot v1, https://goo.gl/fbAQLP

exports[`HeaderBanner component matches snapshot 1`] = `
<HeaderContainer>
  <Header>
    GM UI Header Banner
  </Header>
  <Extra
    href="/settings"
    key="Extra, Extra, Read all about it"
    target="_blank"
  >
    Extra, Extra, Read all about it
  </Extra>
</HeaderContainer>
`;
